// Jest Snapshot v1, https://jestjs.io/docs/snapshot-testing

exports[`test <DataRow /> should match snapshot 1`] = `
<div>
  <div
    class="flex flex-col sm:flex-row items-start sm:items-baseline py-3 border-b border-dashed border-gray-200 dark:border-gray-700 last:border-b-0 last:pb-0"
  >
    <div
      class="text-gray-500 dark:text-gray-400 w-full sm:w-1/4 text-left sm:text-right pr-2 sm:pr-3 font-semibold tracking-wide uppercase text-xs pt-0 sm:pt-1"
    >
      test label
    </div>
    <div
      class="flex-1 pl-0 sm:pl-3 w-full"
    >
      This is default value
    </div>
  </div>
</div>
`;
