// Jest Snapshot v1, https://jestjs.io/docs/snapshot-testing

exports[`test <Gtag /> should render GA scripts when GA_MEASUREMENT_ID is set 1`] = `<div />`;
