// Jest Snapshot v1, https://goo.gl/fbAQLP

exports[`test <NavBar /> should match the snapshot 1`] = `
<div>
  <nav>
    <div
      class="fixed-container relative flex items-center justify-between h-16"
    >
      <div
        class="absolute inset-y-0 left-0 flex items-center sm:hidden"
      >
        <button
          aria-expanded="false"
          class="inline-flex items-center justify-center p-2 rounded-md text-gray-400 hover:text-white hover:bg-gray-700 focus:outline-hidden focus:ring-2 focus:ring-inset focus:ring-white"
          role="mobile-toggle"
        >
          <span
            class="sr-only"
          >
            Open main menu
          </span>
          <svg
            aria-hidden="true"
            class="block h-6 w-6"
            fill="none"
            stroke="currentColor"
            viewBox="0 0 24 24"
            xmlns="http://www.w3.org/2000/svg"
          >
            <path
              d="M4 6h16M4 12h16M4 18h16"
              stroke-linecap="round"
              stroke-linejoin="round"
              stroke-width="2"
            />
          </svg>
          <svg
            aria-hidden="true"
            class="hidden h-6 w-6"
            fill="none"
            stroke="currentColor"
            viewBox="0 0 24 24"
            xmlns="http://www.w3.org/2000/svg"
          >
            <path
              d="M6 18L18 6M6 6l12 12"
              stroke-linecap="round"
              stroke-linejoin="round"
              stroke-width="2"
            />
          </svg>
        </button>
      </div>
      <div
        class="flex-1 flex items-center justify-center sm:items-stretch sm:justify-start"
      >
        <div
          class="shrink-0 flex items-center"
        >
          <div
            class="font-bold text-primary"
          >
            Ping Cheng
          </div>
          <div
            class="hidden sm:block sm:ml-6"
          >
            <div
              class="flex space-x-4"
            >
              <a
                class="navItem "
                href="/"
              >
                Home
              </a>
              <a
                class="navItem "
                href="/portfolio"
              >
                Portfolio
              </a>
              <a
                class="navItem "
                href="/about"
              >
                About me
              </a>
            </div>
          </div>
        </div>
      </div>
    </div>
    <div
      class="sm:hidden hidden"
      role="mobile-nav-menu"
    >
      <div
        class="px-2 pt-2 pb-3 space-y-1"
      >
        <a
          class="navItem "
          href="/"
        >
          Home
        </a>
        <a
          class="navItem "
          href="/portfolio"
        >
          Portfolio
        </a>
        <a
          class="navItem "
          href="/about"
        >
          About me
        </a>
      </div>
    </div>
  </nav>
</div>
`;
