// Jest Snapshot v1, https://goo.gl/fbAQLP

exports[`test <Heading /> should match snapshot 1`] = `
<div>
  <h1
    class="heading1"
  >
    Test Heading
  </h1>
</div>
`;
