// Jest Snapshot v1, https://goo.gl/fbAQLP

exports[`test <Avatar /> should match snapshot 1`] = `
<div>
  <div
    class="max-w-full "
    style="width: 100px; height: 100px;"
  >
    <img
      alt="Ping Cheng profile photo"
      data-nimg="1"
      decoding="async"
      height="100"
      loading="lazy"
      src="http://localhost/_next/image?url=https%3A%2F%2Favatars0.githubusercontent.com%2Fu%2F8447539&w=256&q=75"
      srcset="/_next/image?url=https%3A%2F%2Favatars0.githubusercontent.com%2Fu%2F8447539&w=128&q=75 1x, /_next/image?url=https%3A%2F%2Favatars0.githubusercontent.com%2Fu%2F8447539&w=256&q=75 2x"
      style="color: transparent; border-radius: 50%;"
      width="100"
    />
  </div>
</div>
`;
