// Jest Snapshot v1, https://jestjs.io/docs/snapshot-testing

exports[`test <ScreenshotSection /> should match snapshot 1`] = `
<div>
  <div
    class="w-full card p-8 px-8 rounded-2xl mt-8 bg-opacity-90"
  >
    <div
      class="mb-8"
    >
      <h1
        class="heading1 center"
      >
        Screenshots
      </h1>
    </div>
    <div
      class="portfolioScreenshots"
    >
      <div>
        <div
          class="screenshot"
        >
          <img
            alt="Screenshot"
            data-testid="next-image"
            src="/images/screenshot1.png"
          />
        </div>
        <div
          class="screenshot"
        >
          <img
            alt="Screenshot"
            data-testid="next-image"
            src="/images/screenshot4.png"
          />
        </div>
      </div>
      <div>
        <div
          class="screenshot"
        >
          <img
            alt="Screenshot"
            data-testid="next-image"
            src="/images/screenshot2.png"
          />
        </div>
      </div>
      <div>
        <div
          class="screenshot"
        >
          <img
            alt="Screenshot"
            data-testid="next-image"
            src="/images/screenshot3.png"
          />
        </div>
      </div>
    </div>
  </div>
</div>
`;
